// Jest Snapshot v1, https://goo.gl/fbAQLP

exports[`rbg should be correct 1`] = `
<div>
  <div
    class="player"
  >
    <div
      class="songArea"
    >
      <div
        class="song playButton"
      >
        <div
          class="button current playSign sign"
        />
        <div
          class="starButton"
          data-star="☆"
        />
        <div
          class="songsData"
        >
          <div
            class="songData"
          >
             
            song1
             
          </div>
          <div
            class="songData"
          >
             
            artist1
             
          </div>
        </div>
      </div>
      <div
        class="song playButton"
      >
        <div
          class="button playSign sign"
        />
        <div
          class="starButton"
          data-star="☆"
        />
        <div
          class="songsData"
        >
          <div
            class="songData"
          >
             
            song2
             
          </div>
          <div
            class="songData"
          >
             
            artist2
             
          </div>
        </div>
      </div>
      <div
        class="song playButton"
      >
        <div
          class="button playSign sign"
        />
        <div
          class="starButton"
          data-star="☆"
        />
        <div
          class="songsData"
        >
          <div
            class="songData"
          >
             
            song3
             
          </div>
          <div
            class="songData"
          >
             
            artist3
             
          </div>
        </div>
      </div>
      <div
        class="song playButton"
      >
        <div
          class="button playSign sign"
        />
        <div
          class="starButton"
          data-star="☆"
        />
        <div
          class="songsData"
        >
          <div
            class="songData"
          >
             
            song4
             
          </div>
          <div
            class="songData"
          >
             
            artist4
             
          </div>
        </div>
      </div>
      <div
        class="song playButton"
      >
        <div
          class="button playSign sign"
        />
        <div
          class="starButton"
          data-star="☆"
        />
        <div
          class="songsData"
        >
          <div
            class="songData"
          >
             
            song5
             
          </div>
          <div
            class="songData"
          >
             
            artist5
             
          </div>
        </div>
      </div>
      <div
        class="song playButton"
      >
        <div
          class="button playSign sign"
        />
        <div
          class="starButton"
          data-star="☆"
        />
        <div
          class="songsData"
        >
          <div
            class="songData"
          >
             
            song6
             
          </div>
          <div
            class="songData"
          >
             
            artist6
             
          </div>
        </div>
      </div>
      <div
        class="song playButton"
      >
        <div
          class="button playSign sign"
        />
        <div
          class="starButton"
          data-star="☆"
        />
        <div
          class="songsData"
        >
          <div
            class="songData"
          >
             
            song7
             
          </div>
          <div
            class="songData"
          >
             
            artist7
             
          </div>
        </div>
      </div>
      <div
        class="song playButton"
      >
        <div
          class="button playSign sign"
        />
        <div
          class="starButton"
          data-star="☆"
        />
        <div
          class="songsData"
        >
          <div
            class="songData"
          >
             
            song8
             
          </div>
          <div
            class="songData"
          >
             
            artist8
             
          </div>
        </div>
      </div>
      <div
        class="song playButton"
      >
        <div
          class="button playSign sign"
        />
        <div
          class="starButton"
          data-star="☆"
        />
        <div
          class="songsData"
        >
          <div
            class="songData"
          >
             
            song9
             
          </div>
          <div
            class="songData"
          >
             
            artist9
             
          </div>
        </div>
      </div>
    </div>
    <div
      class="SongBar"
    >
      <div
        class="bar"
      >
        <div
          class="progress"
          style="width: 0%;"
        />
      </div>
      <div
        class="passTime"
      >
        0:00
      </div>
      <div
        class="lastTime"
      >
        -3:00
      </div>
    </div>
    <div
      class="controlPanel"
    >
      <div>
        <button>
           
          ONE
           
        </button>
      </div>
      <div
        class="Controller"
      >
        <div
          class="lastSong bigSign"
        />
        <div
          class="bigPlaySign bigSign"
        />
        <div
          class="nextSong bigSign"
        />
      </div>
    </div>
  </div>
</div>
`;
